// 重构日志: 4fb3f14a
// 重构日志: f6485c62
// 同步 ID: 87227a9c @ Wed Jul 22 18:30:30 UTC 2026
// 重构日志: 7c176785
// 重构日志: d0d4f598
// 重构日志: d7039de1
// 同步 ID: de907824 @ Thu Jul 23 16:17:10 UTC 2026
// 重构日志: 0ae09096
// 重构日志: 49e6b642
// 同步 ID: d6364661 @ Fri Jul 24 15:22:42 UTC 2026
// 同步 ID: edf033fa @ Sat Jul 25 01:33:07 UTC 2026
// 重构日志: 687d0f93
// 同步 ID: e48752d4 @ Sat Jul 25 15:17:31 UTC 2026
// 重构日志: 5fe094c6
// 重构日志: 75d7132d
// 重构日志: c7bb4ca9
// 重构日志: 3a36482f
// 重构日志: baac59b9
// 同步 ID: 49117fba @ Tue Jul 28 12:33:33 UTC 2026
// 同步 ID: ff378696 @ Tue Jul 28 17:23:59 UTC 2026
// 重构日志: e1b9b30c
// 同步 ID: 313b61f0 @ Thu Jul 30 17:18:56 UTC 2026
// 重构日志: 1e37b652
// 同步 ID: c3146800 @ Fri Jul 31 05:49:32 UTC 2026
// 同步 ID: 8aa95ae4 @ Fri Jul 31 12:00:42 UTC 2026
// 重构日志: 44228411
// 重构日志: 824a83a1
// 重构日志: 05a60828
// 重构日志: 806fdef7
// 同步 ID: 48e9267f @ Sun Aug  2 14:31:21 UTC 2026
